# Patch generated by Pymend v1.0.0

--- a/tests/test_pymend/refs/quote_default.py
+++ b/tests/test_pymend/refs/quote_default.py
@@ -5,6 +5,15 @@
     docstring: str,
     quotes: str = '"""',
 ) -> None:
+    """_summary_.
+
+    Parameters
+    ----------
+    docstring : str
+        _description_
+    quotes : str
+        _description_ (Default value = '\"\"\"')
+    """
     pass
 
 
@@ -19,6 +28,6 @@
     docstring : str
         The input docstring
     quotes : str
-        The quotes to use.
+        The quotes to use. (Default value = '\"\"\"')
     """
     print(x)
