# Patch generated by Pyment v0.4.0dev

--- a/keyword_only.py
+++ b/keyword_only.py
@@ -1,2 +1,19 @@
+"""_summary_."""
 def foo(x: int, y: int, *, b: int) -> None:
+    """_summary_.
+
+    Parameters
+    ----------
+    x : int
+        _description_
+    y : int
+        _description_
+    b : int
+        _description_
+
+    Returns
+    -------
+    None
+        _description_
+    """
     pass
