# Patch generated by Pyment v0.4.0dev

--- a/module_dot_missing.py
+++ b/module_dot_missing.py
@@ -1,6 +1,13 @@
-"""Some long docstring
+"""Some long docstring.
 
-a"""
+a
+"""
 
 def func(param):
-    """summary."""
+    """summary.
+
+    Parameters
+    ----------
+    param : _type_
+        _description_
+    """
