# Patch generated by Pyment v0.4.0dev

--- a/returns.py
+++ b/returns.py
@@ -1,11 +1,17 @@
+"""_summary_."""
 def my_func(param0, param01: int, param1: str = "Some value", param2: List[str] = {}):
     """_summary_.
 
-    Args:
-        param0 (_type_): _description_
-        param01 (int): _description_
-        param1 (str, optional): _description_. Defaults to "Some value".
-        param2 (List[str], optional): _description_. Defaults to {}.
+    Parameters
+    ----------
+    param0 : _type_
+        _description_
+    param01 : int
+        _description_
+    param1 : str
+        _description_. Defaults to "Some value".
+    param2 : List[str]
+        _description_. Defaults to {}.
     """
     pass
 
@@ -15,7 +21,7 @@
 
     Returns
     -------
-    int
+    str
         Wrong
     """
     pass
@@ -33,26 +39,30 @@
 
 
 def my_single_return_func3():
+    """_summary_."""
+    pass
+
+
+def my_single_return_func4():
     """_summary_.
 
     Returns
     -------
-
-        test
+    _type_
+        _description_
     """
-    pass
-
-
-def my_single_return_func4():
     pass
 
 
 def my_func1(param0, param01: int):
     """_summary_.
 
-    Args:
-        param0 (_type_): _description_
-        param01 (int): _description_
+    Parameters
+    ----------
+    param0 : _type_
+        _description_
+    param01 : int
+        _description_
     """
     pass
 
@@ -62,7 +72,7 @@
 
     Returns
     -------
-    x :
+    x : _type_
         Some integer
     y : str
         Some string
