# Patch generated by Pyment v0.4.0dev

--- a/yields.py
+++ b/yields.py
@@ -8,13 +8,17 @@
         Something
     b : int
         Something else
-    
+    c : _type_
+        _description_
+
     Yields
     ------
     x : int
         _description_
     z : str
         desc.
+    y : _type_
+        _description_
     """
     if False:
         return a, b, c
@@ -28,6 +32,11 @@
     -------
     _type_
         desc
+
+    Yields
+    ------
+    _type_
+        _description_
     """
     if False:
         return a
@@ -38,7 +47,7 @@
 
     Returns
     -------
-    _type_
+    str
         desc
     """
     return a
